// Jest Snapshot v1, https://jestjs.io/docs/snapshot-testing

exports[`GenomicsStack matches snapshot 1`] = `
{
  "Outputs": {
    "AmrWorkflowArn": {
      "Description": "ARN of the merged AMR genomics HealthOmics workflow",
      "Export": {
        "Name": "test-prefix-amr-genomics-workflow-arn",
      },
      "Value": {
        "Fn::GetAtt": [
          "AmrWorkflow",
          "Arn",
        ],
      },
    },
    "OmicsServiceRoleArn": {
      "Description": "ARN of the HealthOmics service IAM role",
      "Export": {
        "Name": "test-prefix-amr-omics-role-arn",
      },
      "Value": {
        "Fn::GetAtt": [
          "OmicsServiceRole579B5FB9",
          "Arn",
        ],
      },
    },
  },
  "Parameters": {
    "BootstrapVersion": {
      "Default": "/cdk-bootstrap/hnb659fds/version",
      "Description": "Version of the CDK Bootstrap resources in this environment, automatically retrieved from SSM Parameter Store. [cdk:skip]",
      "Type": "AWS::SSM::Parameter::Value<String>",
    },
  },
  "Resources": {
    "AmrWorkflow": {
      "Properties": {
        "DefinitionUri": "s3://cdk-hnb659fds-assets-123456789012-us-west-2/0fceacb5eca723a0819bd1cea7401e6896630e42cea7b13ba8753d09d21a9190.zip",
        "Description": "test-prefix AMR genomics: fastp QC + SKESA assembly + AMRFinderPlus (Nextflow DSL2)",
        "Engine": "NEXTFLOW",
        "Name": "test-prefix-amr-genomics-0fceacb5eca7",
        "ParameterTemplate": {
          "amr_container": {
            "Description": "ECR image URI for the AMRFinderPlus task (database bundled)",
            "Optional": false,
          },
          "assembly_container": {
            "Description": "ECR image URI for the fastp + SKESA assembly tasks",
            "Optional": false,
          },
          "fastp_args": {
            "Description": "Additional fastp CLI arguments",
            "Optional": true,
          },
          "isolate_id": {
            "Description": "Sample/isolate identifier",
            "Optional": false,
          },
          "min_length": {
            "Description": "Minimum read length after trimming (default: 50)",
            "Optional": true,
          },
          "organism": {
            "Description": "Organism name for AMRFinderPlus (default: Salmonella)",
            "Optional": true,
          },
          "read1": {
            "Description": "S3 URI for the R1 paired-end FASTQ file",
            "Optional": false,
          },
          "read2": {
            "Description": "S3 URI for the R2 paired-end FASTQ file",
            "Optional": false,
          },
        },
        "StorageCapacity": 100,
        "Tags": {
          "apex:prefix": "test-prefix",
          "apex:run-id": "test-run-id",
          "workflow-type": "amr-genomics",
        },
      },
      "Type": "AWS::Omics::Workflow",
    },
    "AmrWorkflowArnParam14C6A06E": {
      "Properties": {
        "Description": "test-prefix AMR genomics workflow ARN",
        "Name": "/test-prefix/amr/workflows/amr-arn",
        "Tier": "Standard",
        "Type": "String",
        "Value": {
          "Fn::GetAtt": [
            "AmrWorkflow",
            "Arn",
          ],
        },
      },
      "Type": "AWS::SSM::Parameter",
    },
    "AmrWorkflowIdParam526943B5": {
      "Properties": {
        "Description": "test-prefix AMR genomics workflow id",
        "Name": "/test-prefix/amr/workflows/amr-id",
        "Tier": "Standard",
        "Type": "String",
        "Value": {
          "Ref": "AmrWorkflow",
        },
      },
      "Type": "AWS::SSM::Parameter",
    },
    "OmicsRoleArnParamC4244C3E": {
      "Properties": {
        "Description": "test-prefix AMR HealthOmics service role ARN",
        "Name": "/test-prefix/amr/omics/service-role-arn",
        "Tier": "Standard",
        "Type": "String",
        "Value": {
          "Fn::GetAtt": [
            "OmicsServiceRole579B5FB9",
            "Arn",
          ],
        },
      },
      "Type": "AWS::SSM::Parameter",
    },
    "OmicsServiceRole579B5FB9": {
      "Properties": {
        "AssumeRolePolicyDocument": {
          "Statement": [
            {
              "Action": "sts:AssumeRole",
              "Effect": "Allow",
              "Principal": {
                "Service": "omics.amazonaws.com",
              },
            },
          ],
          "Version": "2012-10-17",
        },
        "Description": "test-prefix AMR HealthOmics service role",
        "Policies": [
          {
            "PolicyDocument": {
              "Statement": [
                {
                  "Action": [
                    "s3:GetObject",
                    "s3:PutObject",
                    "s3:DeleteObject",
                    "s3:ListBucket",
                    "s3:GetBucketLocation",
                  ],
                  "Effect": "Allow",
                  "Resource": [
                    "arn:aws:s3:::test-prefix-amr-data-lake",
                    "arn:aws:s3:::test-prefix-amr-data-lake/*",
                  ],
                  "Sid": "S3DataLakeAccess",
                },
                {
                  "Action": [
                    "logs:CreateLogGroup",
                    "logs:CreateLogStream",
                    "logs:PutLogEvents",
                    "logs:DescribeLogGroups",
                    "logs:DescribeLogStreams",
                  ],
                  "Effect": "Allow",
                  "Resource": "arn:aws:logs:us-west-2:123456789012:log-group:/aws/omics/*",
                  "Sid": "CloudWatchLogs",
                },
                {
                  "Action": "ecr:GetAuthorizationToken",
                  "Effect": "Allow",
                  "Resource": "*",
                  "Sid": "EcrGetAuthToken",
                },
                {
                  "Action": [
                    "ecr:GetDownloadUrlForLayer",
                    "ecr:BatchGetImage",
                    "ecr:BatchCheckLayerAvailability",
                  ],
                  "Effect": "Allow",
                  "Resource": [
                    "arn:aws:ecr:us-west-2:123456789012:repository/test-prefix-amr-fastp-skesa",
                    "arn:aws:ecr:us-west-2:123456789012:repository/test-prefix-amr-funcscan",
                  ],
                  "Sid": "EcrImagePull",
                },
                {
                  "Action": [
                    "kms:Decrypt",
                    "kms:GenerateDataKey",
                    "kms:GenerateDataKeyWithoutPlaintext",
                    "kms:DescribeKey",
                    "kms:ReEncryptFrom",
                    "kms:ReEncryptTo",
                  ],
                  "Effect": "Allow",
                  "Resource": "arn:aws:kms:us-west-2:123456789012:key/00000000-0000-0000-0000-000000000001",
                  "Sid": "KmsDecryptEncrypt",
                },
                {
                  "Action": [
                    "ssm:GetParameter",
                    "ssm:GetParameters",
                    "ssm:GetParametersByPath",
                  ],
                  "Effect": "Allow",
                  "Resource": "arn:aws:ssm:us-west-2:123456789012:parameter/test-prefix/amr/ecr/digests/*",
                  "Sid": "SsmReadDigests",
                },
              ],
              "Version": "2012-10-17",
            },
            "PolicyName": "OmicsAccess",
          },
        ],
        "RoleName": "test-prefix-amr-omics-service-role",
      },
      "Type": "AWS::IAM::Role",
    },
    "OmicsServiceRoleDefaultPolicyF03CCB37": {
      "Properties": {
        "PolicyDocument": {
          "Statement": [
            {
              "Action": [
                "kms:Decrypt",
                "kms:GenerateDataKey*",
                "kms:DescribeKey",
              ],
              "Effect": "Allow",
              "Resource": "arn:aws:kms:us-west-2:123456789012:key/00000000-0000-0000-0000-000000000001",
            },
            {
              "Action": [
                "s3:GetObject*",
                "s3:GetBucket*",
                "s3:List*",
              ],
              "Effect": "Allow",
              "Resource": [
                {
                  "Fn::Join": [
                    "",
                    [
                      "arn:",
                      {
                        "Ref": "AWS::Partition",
                      },
                      ":s3:::cdk-hnb659fds-assets-123456789012-us-west-2",
                    ],
                  ],
                },
                {
                  "Fn::Join": [
                    "",
                    [
                      "arn:",
                      {
                        "Ref": "AWS::Partition",
                      },
                      ":s3:::cdk-hnb659fds-assets-123456789012-us-west-2/*",
                    ],
                  ],
                },
              ],
            },
          ],
          "Version": "2012-10-17",
        },
        "PolicyName": "OmicsServiceRoleDefaultPolicyF03CCB37",
        "Roles": [
          {
            "Ref": "OmicsServiceRole579B5FB9",
          },
        ],
      },
      "Type": "AWS::IAM::Policy",
    },
  },
  "Rules": {
    "CheckBootstrapVersion": {
      "Assertions": [
        {
          "Assert": {
            "Fn::Not": [
              {
                "Fn::Contains": [
                  [
                    "1",
                    "2",
                    "3",
                    "4",
                    "5",
                  ],
                  {
                    "Ref": "BootstrapVersion",
                  },
                ],
              },
            ],
          },
          "AssertDescription": "CDK bootstrap stack version 6 required. Please run 'cdk bootstrap' with a recent version of the CDK CLI.",
        },
      ],
    },
  },
}
`;
