// Jest Snapshot v1, https://jestjs.io/docs/snapshot-testing

exports[`WafStack matches snapshot 1`] = `
{
  "Outputs": {
    "WebAclArn": {
      "Description": "Frontend WAF WebACL ARN",
      "Export": {
        "Name": "test-prefix-amr-frontend-waf-arn",
      },
      "Value": {
        "Fn::GetAtt": [
          "FrontendWebAcl",
          "Arn",
        ],
      },
    },
  },
  "Parameters": {
    "BootstrapVersion": {
      "Default": "/cdk-bootstrap/hnb659fds/version",
      "Description": "Version of the CDK Bootstrap resources in this environment, automatically retrieved from SSM Parameter Store. [cdk:skip]",
      "Type": "AWS::SSM::Parameter::Value<String>",
    },
  },
  "Resources": {
    "FrontendWebAcl": {
      "Properties": {
        "DefaultAction": {
          "Allow": {},
        },
        "Name": "test-prefix-amr-frontend-waf",
        "Rules": [
          {
            "Name": "AWSManagedRulesCommonRuleSet",
            "OverrideAction": {
              "None": {},
            },
            "Priority": 10,
            "Statement": {
              "ManagedRuleGroupStatement": {
                "Name": "AWSManagedRulesCommonRuleSet",
                "VendorName": "AWS",
              },
            },
            "VisibilityConfig": {
              "CloudWatchMetricsEnabled": true,
              "MetricName": "test-prefix-amr-waf-common",
              "SampledRequestsEnabled": true,
            },
          },
          {
            "Name": "AWSManagedRulesKnownBadInputsRuleSet",
            "OverrideAction": {
              "None": {},
            },
            "Priority": 20,
            "Statement": {
              "ManagedRuleGroupStatement": {
                "Name": "AWSManagedRulesKnownBadInputsRuleSet",
                "VendorName": "AWS",
              },
            },
            "VisibilityConfig": {
              "CloudWatchMetricsEnabled": true,
              "MetricName": "test-prefix-amr-waf-badinputs",
              "SampledRequestsEnabled": true,
            },
          },
          {
            "Action": {
              "Block": {},
            },
            "Name": "RateLimitPerIp",
            "Priority": 30,
            "Statement": {
              "RateBasedStatement": {
                "AggregateKeyType": "IP",
                "Limit": 1000,
              },
            },
            "VisibilityConfig": {
              "CloudWatchMetricsEnabled": true,
              "MetricName": "test-prefix-amr-waf-ratelimit",
              "SampledRequestsEnabled": true,
            },
          },
        ],
        "Scope": "CLOUDFRONT",
        "VisibilityConfig": {
          "CloudWatchMetricsEnabled": true,
          "MetricName": "test-prefix-amr-frontend-waf",
          "SampledRequestsEnabled": true,
        },
      },
      "Type": "AWS::WAFv2::WebACL",
    },
    "WebAclArnParamFD4CD84B": {
      "Properties": {
        "Description": "test-prefix AMR Frontend WAF WebACL ARN",
        "Name": "/test-prefix/amr/waf/frontend-web-acl-arn",
        "Type": "String",
        "Value": {
          "Fn::GetAtt": [
            "FrontendWebAcl",
            "Arn",
          ],
        },
      },
      "Type": "AWS::SSM::Parameter",
    },
  },
  "Rules": {
    "CheckBootstrapVersion": {
      "Assertions": [
        {
          "Assert": {
            "Fn::Not": [
              {
                "Fn::Contains": [
                  [
                    "1",
                    "2",
                    "3",
                    "4",
                    "5",
                  ],
                  {
                    "Ref": "BootstrapVersion",
                  },
                ],
              },
            ],
          },
          "AssertDescription": "CDK bootstrap stack version 6 required. Please run 'cdk bootstrap' with a recent version of the CDK CLI.",
        },
      ],
    },
  },
}
`;
